// Jest Snapshot v1, https://goo.gl/fbAQLP

exports[`babel-preset-react-ameliorate should work allow adding extra JSX properties 1`] = `"var _interopRequireDefault=require(\\"@babel/runtime/helpers/interopRequireDefault\\");var _extends2=_interopRequireDefault(require(\\"@babel/runtime/helpers/extends\\"));var _classCallCheck2=_interopRequireDefault(require(\\"@babel/runtime/helpers/classCallCheck\\"));var _createClass2=_interopRequireDefault(require(\\"@babel/runtime/helpers/createClass\\"));var _possibleConstructorReturn2=_interopRequireDefault(require(\\"@babel/runtime/helpers/possibleConstructorReturn\\"));var _getPrototypeOf2=_interopRequireDefault(require(\\"@babel/runtime/helpers/getPrototypeOf\\"));var _inherits2=_interopRequireDefault(require(\\"@babel/runtime/helpers/inherits\\"));var _react=_interopRequireDefault(require(\\"react\\"));var MyTestComponent=function(_React$Component){(0,_inherits2.default)(MyTestComponent,_React$Component);function MyTestComponent(){(0,_classCallCheck2.default)(this,MyTestComponent);return(0,_possibleConstructorReturn2.default)(this,(0,_getPrototypeOf2.default)(MyTestComponent).apply(this,arguments));}(0,_createClass2.default)(MyTestComponent,[{key:\\"render\\",value:function render(){var opts={test:true,derp:'something',func:function func(){}};return _react.default.createElement(\\"div\\",(0,_extends2.default)({hello:true},opts,{id:\\"1479427200000\\",customPropString:\\"hello world!\\",customPropBoolean:true,customPropNumber:5,customPropArray:[5,true,\\"derp!!!\\"],customPropObject:{sweet:\\"stuff\\",awesome:453,dude:\\"crazy!\\"},elementType:\\"div\\"}),_react.default.createElement(_react.default.Fragment,null,_react.default.createElement(\\"span\\",{stuff:true,id:\\"1479427200001\\",customPropString:\\"hello world!\\",customPropBoolean:true,customPropNumber:5,customPropArray:[5,true,\\"derp!!!\\"],customPropObject:{sweet:\\"stuff\\",awesome:453,dude:\\"crazy!\\"},elementType:\\"span\\"},\\"Hello world!\\"),_react.default.createElement(\\"derp\\",{id:\\"1479427200002\\",customPropString:\\"hello world!\\",customPropBoolean:true,customPropNumber:5,customPropArray:[5,true,\\"derp!!!\\"],customPropObject:{sweet:\\"stuff\\",awesome:453,dude:\\"crazy!\\"}})));}}]);return MyTestComponent;}(_react.default.Component);"`;

exports[`babel-preset-react-ameliorate should work with default options 1`] = `"var _interopRequireDefault=require(\\"@babel/runtime/helpers/interopRequireDefault\\");var _extends2=_interopRequireDefault(require(\\"@babel/runtime/helpers/extends\\"));var _classCallCheck2=_interopRequireDefault(require(\\"@babel/runtime/helpers/classCallCheck\\"));var _createClass2=_interopRequireDefault(require(\\"@babel/runtime/helpers/createClass\\"));var _possibleConstructorReturn2=_interopRequireDefault(require(\\"@babel/runtime/helpers/possibleConstructorReturn\\"));var _getPrototypeOf2=_interopRequireDefault(require(\\"@babel/runtime/helpers/getPrototypeOf\\"));var _inherits2=_interopRequireDefault(require(\\"@babel/runtime/helpers/inherits\\"));var _react=_interopRequireDefault(require(\\"react\\"));var MyTestComponent=function(_React$Component){(0,_inherits2.default)(MyTestComponent,_React$Component);function MyTestComponent(){(0,_classCallCheck2.default)(this,MyTestComponent);return(0,_possibleConstructorReturn2.default)(this,(0,_getPrototypeOf2.default)(MyTestComponent).apply(this,arguments));}(0,_createClass2.default)(MyTestComponent,[{key:\\"render\\",value:function render(){var opts={test:true,derp:'something',func:function func(){}};return _react.default.createElement(\\"div\\",(0,_extends2.default)({hello:true},opts),_react.default.createElement(_react.default.Fragment,null,_react.default.createElement(\\"span\\",{stuff:true},\\"Hello world!\\"),_react.default.createElement(\\"derp\\",null)));}}]);return MyTestComponent;}(_react.default.Component);"`;

exports[`babel-preset-react-ameliorate should work with plugin options 1`] = `"var _interopRequireDefault=require(\\"@babel/runtime/helpers/interopRequireDefault\\");var _extends2=_interopRequireDefault(require(\\"@babel/runtime/helpers/extends\\"));var _classCallCheck2=_interopRequireDefault(require(\\"@babel/runtime/helpers/classCallCheck\\"));var _createClass2=_interopRequireDefault(require(\\"@babel/runtime/helpers/createClass\\"));var _possibleConstructorReturn2=_interopRequireDefault(require(\\"@babel/runtime/helpers/possibleConstructorReturn\\"));var _getPrototypeOf2=_interopRequireDefault(require(\\"@babel/runtime/helpers/getPrototypeOf\\"));var _inherits2=_interopRequireDefault(require(\\"@babel/runtime/helpers/inherits\\"));var _react=_interopRequireDefault(require(\\"react\\"));var MyTestComponent=function(_React$Component){(0,_inherits2.default)(MyTestComponent,_React$Component);function MyTestComponent(){(0,_classCallCheck2.default)(this,MyTestComponent);return(0,_possibleConstructorReturn2.default)(this,(0,_getPrototypeOf2.default)(MyTestComponent).apply(this,arguments));}(0,_createClass2.default)(MyTestComponent,[{key:\\"render\\",value:function render(){var opts={test:true,derp:'something',func:function func(){}};return __somethingElseBro(this)(\\"div\\",(0,_extends2.default)({hello:true},opts),__somethingElseBro(this)(_react.default.Fragment,null,__somethingElseBro(this)(\\"span\\",{stuff:true},\\"Hello world!\\"),__somethingElseBro(this)(\\"derp\\",null)));}}]);return MyTestComponent;}(_react.default.Component);"`;
